<?xml version="1.0" encoding="utf-8"?><testsuites><testsuite name="pytest" errors="0" failures="0" skipped="1" tests="3" time="0.177" timestamp="2025-10-28T21:19:02.183104+05:30" hostname="DESKTOP-6RT7JVH"><testcase classname="" name="tests.test_project" time="0.000"><skipped message="collection skipped">('C:\\Users\\Admin\\Desktop\\TE projects\\tests\\test_project.py', 14, 'Skipped: Integration script - skipped during automated unit tests')</skipped></testcase><testcase classname="tests.test_datastore" name="test_datastore_save_and_tail_jsonl" time="0.010" /><testcase classname="tests.test_visualizations" name="test_summarize_traffic_for_plotly_basic" time="0.001" /></testsuite></testsuites>